2025-09-02T10:22:13.74060645Z stderr F I0902 10:22:13.740506       1 controllermanager.go:191] "Golang settings" GOGC="" GOMAXPROCS="" GOTRACEBACK=""
2025-09-02T10:22:13.741590736Z stderr F I0902 10:22:13.741451       1 dynamic_cafile_content.go:157] "Starting controller" name="request-header::/etc/kubernetes/pki/front-proxy-ca.crt"
2025-09-02T10:22:13.741599969Z stderr F I0902 10:22:13.741459       1 dynamic_cafile_content.go:157] "Starting controller" name="client-ca-bundle::/etc/kubernetes/pki/ca.crt"
2025-09-02T10:22:13.741718972Z stderr F I0902 10:22:13.741672       1 secure_serving.go:213] Serving securely on 127.0.0.1:10257
2025-09-02T10:22:13.7418022Z stderr F I0902 10:22:13.741747       1 tlsconfig.go:240] "Starting DynamicServingCertificateController"
2025-09-02T10:22:13.741906558Z stderr F I0902 10:22:13.741861       1 leaderelection.go:250] attempting to acquire leader lease kube-system/kube-controller-manager...
2025-09-02T10:22:18.742603047Z stderr F E0902 10:22:18.742506       1 leaderelection.go:347] error retrieving resource lock kube-system/kube-controller-manager: Get "https://10.0.32.224:6443/apis/coordination.k8s.io/v1/namespaces/kube-system/leases/kube-controller-manager?timeout=5s": net/http: request canceled while waiting for connection (Client.Timeout exceeded while awaiting headers)
2025-09-02T10:22:27.264426254Z stderr F E0902 10:22:27.264319       1 leaderelection.go:347] error retrieving resource lock kube-system/kube-controller-manager: Get "https://10.0.32.224:6443/apis/coordination.k8s.io/v1/namespaces/kube-system/leases/kube-controller-manager?timeout=5s": net/http: request canceled while waiting for connection (Client.Timeout exceeded while awaiting headers)
2025-09-02T10:22:34.302717104Z stderr F E0902 10:22:34.302625       1 leaderelection.go:347] error retrieving resource lock kube-system/kube-controller-manager: Get "https://10.0.32.224:6443/apis/coordination.k8s.io/v1/namespaces/kube-system/leases/kube-controller-manager?timeout=5s": net/http: request canceled while waiting for connection (Client.Timeout exceeded while awaiting headers)
2025-09-02T10:22:42.022880916Z stderr F E0902 10:22:42.022779       1 leaderelection.go:347] error retrieving resource lock kube-system/kube-controller-manager: Get "https://10.0.32.224:6443/apis/coordination.k8s.io/v1/namespaces/kube-system/leases/kube-controller-manager?timeout=5s": net/http: request canceled while waiting for connection (Client.Timeout exceeded while awaiting headers)
2025-09-02T10:22:49.411224238Z stderr F E0902 10:22:49.411124       1 leaderelection.go:347] error retrieving resource lock kube-system/kube-controller-manager: Get "https://10.0.32.224:6443/apis/coordination.k8s.io/v1/namespaces/kube-system/leases/kube-controller-manager?timeout=5s": net/http: request canceled while waiting for connection (Client.Timeout exceeded while awaiting headers)
2025-09-02T10:22:56.579521659Z stderr F E0902 10:22:56.579429       1 leaderelection.go:347] error retrieving resource lock kube-system/kube-controller-manager: Get "https://10.0.32.224:6443/apis/coordination.k8s.io/v1/namespaces/kube-system/leases/kube-controller-manager?timeout=5s": net/http: request canceled while waiting for connection (Client.Timeout exceeded while awaiting headers)
2025-09-02T10:23:03.989684478Z stderr F E0902 10:23:03.989590       1 leaderelection.go:347] error retrieving resource lock kube-system/kube-controller-manager: Get "https://10.0.32.224:6443/apis/coordination.k8s.io/v1/namespaces/kube-system/leases/kube-controller-manager?timeout=5s": net/http: request canceled while waiting for connection (Client.Timeout exceeded while awaiting headers)
2025-09-02T10:23:11.521214713Z stderr F E0902 10:23:11.521112       1 leaderelection.go:347] error retrieving resource lock kube-system/kube-controller-manager: Get "https://10.0.32.224:6443/apis/coordination.k8s.io/v1/namespaces/kube-system/leases/kube-controller-manager?timeout=5s": net/http: request canceled while waiting for connection (Client.Timeout exceeded while awaiting headers)
2025-09-02T10:23:18.807004446Z stderr F E0902 10:23:18.806914       1 leaderelection.go:347] error retrieving resource lock kube-system/kube-controller-manager: Get "https://10.0.32.224:6443/apis/coordination.k8s.io/v1/namespaces/kube-system/leases/kube-controller-manager?timeout=5s": net/http: request canceled while waiting for connection (Client.Timeout exceeded while awaiting headers)
2025-09-02T10:23:26.234684957Z stderr F E0902 10:23:26.234586       1 leaderelection.go:347] error retrieving resource lock kube-system/kube-controller-manager: Get "https://10.0.32.224:6443/apis/coordination.k8s.io/v1/namespaces/kube-system/leases/kube-controller-manager?timeout=5s": net/http: request canceled while waiting for connection (Client.Timeout exceeded while awaiting headers)
2025-09-02T10:23:35.082753957Z stderr F E0902 10:23:35.082647       1 leaderelection.go:347] error retrieving resource lock kube-system/kube-controller-manager: Get "https://10.0.32.224:6443/apis/coordination.k8s.io/v1/namespaces/kube-system/leases/kube-controller-manager?timeout=5s": context deadline exceeded (Client.Timeout exceeded while awaiting headers)
2025-09-02T10:23:42.490071753Z stderr F E0902 10:23:42.489973       1 leaderelection.go:347] error retrieving resource lock kube-system/kube-controller-manager: Get "https://10.0.32.224:6443/apis/coordination.k8s.io/v1/namespaces/kube-system/leases/kube-controller-manager?timeout=5s": net/http: request canceled while waiting for connection (Client.Timeout exceeded while awaiting headers)
2025-09-02T10:23:50.282065022Z stderr F E0902 10:23:50.281967       1 leaderelection.go:347] error retrieving resource lock kube-system/kube-controller-manager: Get "https://10.0.32.224:6443/apis/coordination.k8s.io/v1/namespaces/kube-system/leases/kube-controller-manager?timeout=5s": net/http: request canceled while waiting for connection (Client.Timeout exceeded while awaiting headers)
2025-09-02T10:23:58.436841383Z stderr F E0902 10:23:58.436742       1 leaderelection.go:347] error retrieving resource lock kube-system/kube-controller-manager: Get "https://10.0.32.224:6443/apis/coordination.k8s.io/v1/namespaces/kube-system/leases/kube-controller-manager?timeout=5s": net/http: request canceled while waiting for connection (Client.Timeout exceeded while awaiting headers)
2025-09-02T10:24:07.062887006Z stderr F E0902 10:24:07.062795       1 leaderelection.go:347] error retrieving resource lock kube-system/kube-controller-manager: Get "https://10.0.32.224:6443/apis/coordination.k8s.io/v1/namespaces/kube-system/leases/kube-controller-manager?timeout=5s": net/http: request canceled while waiting for connection (Client.Timeout exceeded while awaiting headers)
2025-09-02T10:24:14.473434861Z stderr F E0902 10:24:14.473332       1 leaderelection.go:347] error retrieving resource lock kube-system/kube-controller-manager: Get "https://10.0.32.224:6443/apis/coordination.k8s.io/v1/namespaces/kube-system/leases/kube-controller-manager?timeout=5s": net/http: request canceled while waiting for connection (Client.Timeout exceeded while awaiting headers)
2025-09-02T10:24:21.881201096Z stderr F E0902 10:24:21.881106       1 leaderelection.go:347] error retrieving resource lock kube-system/kube-controller-manager: Get "https://10.0.32.224:6443/apis/coordination.k8s.io/v1/namespaces/kube-system/leases/kube-controller-manager?timeout=5s": net/http: request canceled while waiting for connection (Client.Timeout exceeded while awaiting headers)
2025-09-02T10:24:30.557067156Z stderr F E0902 10:24:30.556954       1 leaderelection.go:347] error retrieving resource lock kube-system/kube-controller-manager: Get "https://10.0.32.224:6443/apis/coordination.k8s.io/v1/namespaces/kube-system/leases/kube-controller-manager?timeout=5s": net/http: request canceled while waiting for connection (Client.Timeout exceeded while awaiting headers)
2025-09-02T10:24:39.91425572Z stderr F E0902 10:24:39.914157       1 leaderelection.go:347] error retrieving resource lock kube-system/kube-controller-manager: Get "https://10.0.32.224:6443/apis/coordination.k8s.io/v1/namespaces/kube-system/leases/kube-controller-manager?timeout=5s": net/http: request canceled while waiting for connection (Client.Timeout exceeded while awaiting headers)
2025-09-02T10:24:47.982894933Z stderr F E0902 10:24:47.982805       1 leaderelection.go:347] error retrieving resource lock kube-system/kube-controller-manager: Get "https://10.0.32.224:6443/apis/coordination.k8s.io/v1/namespaces/kube-system/leases/kube-controller-manager?timeout=5s": net/http: request canceled while waiting for connection (Client.Timeout exceeded while awaiting headers)
2025-09-02T10:24:55.328017415Z stderr F E0902 10:24:55.327915       1 leaderelection.go:347] error retrieving resource lock kube-system/kube-controller-manager: Get "https://10.0.32.224:6443/apis/coordination.k8s.io/v1/namespaces/kube-system/leases/kube-controller-manager?timeout=5s": net/http: request canceled while waiting for connection (Client.Timeout exceeded while awaiting headers)
2025-09-02T10:25:02.663429874Z stderr F E0902 10:25:02.663309       1 leaderelection.go:347] error retrieving resource lock kube-system/kube-controller-manager: Get "https://10.0.32.224:6443/apis/coordination.k8s.io/v1/namespaces/kube-system/leases/kube-controller-manager?timeout=5s": net/http: request canceled while waiting for connection (Client.Timeout exceeded while awaiting headers)
2025-09-02T10:28:52.230109278Z stderr F E0902 10:28:52.230025       1 leaderelection.go:347] error retrieving resource lock kube-system/kube-controller-manager: Get "https://10.0.32.224:6443/apis/coordination.k8s.io/v1/namespaces/kube-system/leases/kube-controller-manager?timeout=5s": net/http: request canceled while waiting for connection (Client.Timeout exceeded while awaiting headers)
2025-09-02T10:28:59.295645928Z stderr F E0902 10:28:59.295544       1 leaderelection.go:347] error retrieving resource lock kube-system/kube-controller-manager: Get "https://10.0.32.224:6443/apis/coordination.k8s.io/v1/namespaces/kube-system/leases/kube-controller-manager?timeout=5s": net/http: request canceled while waiting for connection (Client.Timeout exceeded while awaiting headers)
2025-09-02T10:29:07.069968554Z stderr F E0902 10:29:07.069866       1 leaderelection.go:347] error retrieving resource lock kube-system/kube-controller-manager: Get "https://10.0.32.224:6443/apis/coordination.k8s.io/v1/namespaces/kube-system/leases/kube-controller-manager?timeout=5s": net/http: request canceled while waiting for connection (Client.Timeout exceeded while awaiting headers)
2025-09-02T10:29:15.890522619Z stderr F E0902 10:29:15.890421       1 leaderelection.go:347] error retrieving resource lock kube-system/kube-controller-manager: Get "https://10.0.32.224:6443/apis/coordination.k8s.io/v1/namespaces/kube-system/leases/kube-controller-manager?timeout=5s": net/http: request canceled while waiting for connection (Client.Timeout exceeded while awaiting headers)
2025-09-02T10:29:23.188212019Z stderr F E0902 10:29:23.188124       1 leaderelection.go:347] error retrieving resource lock kube-system/kube-controller-manager: Get "https://10.0.32.224:6443/apis/coordination.k8s.io/v1/namespaces/kube-system/leases/kube-controller-manager?timeout=5s": net/http: request canceled while waiting for connection (Client.Timeout exceeded while awaiting headers)
2025-09-02T10:29:31.660439032Z stderr F E0902 10:29:31.660311       1 leaderelection.go:347] error retrieving resource lock kube-system/kube-controller-manager: Get "https://10.0.32.224:6443/apis/coordination.k8s.io/v1/namespaces/kube-system/leases/kube-controller-manager?timeout=5s": net/http: request canceled while waiting for connection (Client.Timeout exceeded while awaiting headers)
2025-09-02T10:29:39.304126251Z stderr F E0902 10:29:39.304028       1 leaderelection.go:347] error retrieving resource lock kube-system/kube-controller-manager: Get "https://10.0.32.224:6443/apis/coordination.k8s.io/v1/namespaces/kube-system/leases/kube-controller-manager?timeout=5s": net/http: request canceled while waiting for connection (Client.Timeout exceeded while awaiting headers)
2025-09-02T10:29:48.236174038Z stderr F E0902 10:29:48.236076       1 leaderelection.go:347] error retrieving resource lock kube-system/kube-controller-manager: Get "https://10.0.32.224:6443/apis/coordination.k8s.io/v1/namespaces/kube-system/leases/kube-controller-manager?timeout=5s": net/http: request canceled while waiting for connection (Client.Timeout exceeded while awaiting headers)
2025-09-02T10:29:56.230605567Z stderr F E0902 10:29:56.230502       1 leaderelection.go:347] error retrieving resource lock kube-system/kube-controller-manager: Get "https://10.0.32.224:6443/apis/coordination.k8s.io/v1/namespaces/kube-system/leases/kube-controller-manager?timeout=5s": net/http: request canceled while waiting for connection (Client.Timeout exceeded while awaiting headers)
2025-09-02T10:30:05.160192254Z stderr F E0902 10:30:05.160084       1 leaderelection.go:347] error retrieving resourcetest lock kube-system/kube-controller-manager: Get "https://10.0.32.224:6443/apis/coordination.k8s.io/v1/namespaces/kube-system/leases/kube-controller-manager?timeout=5s": net/http: request canceled while waiting for connection (Client.Timeout exceeded while awaiting headers)
2025-09-02T10:30:12.672549242Z stderr F E0902 10:30:12.672446       1 leaderelection.go:347] error retrieving resource lock kube-system/kube-controller-manager: Get "https://10.0.32.224:6443/apis/coordination.k8s.io/v1/namespaces/kube-system/leases/kube-controller-manager?timeout=5s": net/http: request canceled while waiting for connection (Client.Timeout exceeded while awaiting headers)
2025-09-02T10:30:21.388737036Z stderr F E0902 10:30:21.388636       1 leaderelection.go:347] error retrieving resource lock kube-system/kube-controller-manager: Get "https://10.0.32.224:6443/apis/coordination.k8s.io/v1/namespaces/kube-system/leases/kube-controller-manager?timeout=5s": net/http: request canceled while waiting for connection (Client.Timeout exceeded while awaiting headers)git